# a blank file will open. Paste this in:
FILENAME    NUMSEQ    TOTAL    MIN    AVG    MAX
stdin    1    120    120    120    120
# save (ctrlX)
